[32mCreating model: ('PP-LCNet_x1_0_doc_ori', None, None)[0m
[33mChecking connectivity to the model hosters, this may take a while. To bypass this check, set `PADDLE_PDX_DISABLE_MODEL_SOURCE_CHECK` to `True`.[0m
[33mNo model hoster is available! Please check your network connection to one of the following model hoster: HuggingFace (https://huggingface.co), ModelScope (https://modelscope.cn), AIStudio (https://aistudio.baidu.com), or BOS (https://paddle-model-ecology.bj.bcebos.com). Otherwise, only local models can be used.[0m
[31mNo available model hosting platforms detected. Please check your network connection.[0m
Traceback (most recent call last):
  File "/home/user/chemical-scanner/app.py", line 13, in <module>
    ocr = PaddleOCR(use_textline_orientation=True, lang='en')
          ^^^^^^^^^^^^^^^^^^^^^^^^^^^^^^^^^^^^^^^^^^^^^^^^^^^
  File "/usr/local/lib/python3.11/dist-packages/paddleocr/_pipelines/ocr.py", line 173, in __init__
    super().__init__(**base_params)
  File "/usr/local/lib/python3.11/dist-packages/paddleocr/_pipelines/base.py", line 67, in __init__
    self.paddlex_pipeline = self._create_paddlex_pipeline()
                            ^^^^^^^^^^^^^^^^^^^^^^^^^^^^^^^
  File "/usr/local/lib/python3.11/dist-packages/paddleocr/_pipelines/base.py", line 105, in _create_paddlex_pipeline
    return create_pipeline(config=self._merged_paddlex_config, **kwargs)
           ^^^^^^^^^^^^^^^^^^^^^^^^^^^^^^^^^^^^^^^^^^^^^^^^^^^^^^^^^^^^^
  File "/usr/local/lib/python3.11/dist-packages/paddlex/inference/pipelines/__init__.py", line 169, in create_pipeline
    pipeline = BasePipeline.get(pipeline_name)(
               ^^^^^^^^^^^^^^^^^^^^^^^^^^^^^^^^
  File "/usr/local/lib/python3.11/dist-packages/paddlex/utils/deps.py", line 208, in _wrapper
    return old_init_func(self, *args, **kwargs)
           ^^^^^^^^^^^^^^^^^^^^^^^^^^^^^^^^^^^^
  File "/usr/local/lib/python3.11/dist-packages/paddlex/inference/pipelines/_parallel.py", line 135, in __init__
    self._pipeline = self._create_internal_pipeline(config, self.device)
                     ^^^^^^^^^^^^^^^^^^^^^^^^^^^^^^^^^^^^^^^^^^^^^^^^^^^
  File "/usr/local/lib/python3.11/dist-packages/paddlex/inference/pipelines/_parallel.py", line 190, in _create_internal_pipeline
    pipeline = self._pipeline_cls(
               ^^^^^^^^^^^^^^^^^^^
  File "/usr/local/lib/python3.11/dist-packages/paddlex/inference/pipelines/ocr/pipeline.py", line 85, in __init__
    self.doc_preprocessor_pipeline = self.create_pipeline(
                                     ^^^^^^^^^^^^^^^^^^^^^
  File "/usr/local/lib/python3.11/dist-packages/paddlex/inference/pipelines/base.py", line 181, in create_pipeline
    return create_pipeline(
           ^^^^^^^^^^^^^^^^
  File "/usr/local/lib/python3.11/dist-packages/paddlex/inference/pipelines/__init__.py", line 169, in create_pipeline
    pipeline = BasePipeline.get(pipeline_name)(
               ^^^^^^^^^^^^^^^^^^^^^^^^^^^^^^^^
  File "/usr/local/lib/python3.11/dist-packages/paddlex/utils/deps.py", line 208, in _wrapper
    return old_init_func(self, *args, **kwargs)
           ^^^^^^^^^^^^^^^^^^^^^^^^^^^^^^^^^^^^
  File "/usr/local/lib/python3.11/dist-packages/paddlex/inference/pipelines/_parallel.py", line 135, in __init__
    self._pipeline = self._create_internal_pipeline(config, self.device)
                     ^^^^^^^^^^^^^^^^^^^^^^^^^^^^^^^^^^^^^^^^^^^^^^^^^^^
  File "/usr/local/lib/python3.11/dist-packages/paddlex/inference/pipelines/_parallel.py", line 190, in _create_internal_pipeline
    pipeline = self._pipeline_cls(
               ^^^^^^^^^^^^^^^^^^^
  File "/usr/local/lib/python3.11/dist-packages/paddlex/inference/pipelines/doc_preprocessor/pipeline.py", line 78, in __init__
    self.doc_ori_classify_model = self.create_model(doc_ori_classify_config)
                                  ^^^^^^^^^^^^^^^^^^^^^^^^^^^^^^^^^^^^^^^^^^
  File "/usr/local/lib/python3.11/dist-packages/paddlex/inference/pipelines/base.py", line 143, in create_model
    return create_predictor(
           ^^^^^^^^^^^^^^^^^
  File "/usr/local/lib/python3.11/dist-packages/paddlex/inference/models/__init__.py", line 432, in create_predictor
    model_dir_resolved = _resolve_local_model_dir(
                         ^^^^^^^^^^^^^^^^^^^^^^^^^
  File "/usr/local/lib/python3.11/dist-packages/paddlex/inference/models/__init__.py", line 273, in _resolve_local_model_dir
    return _resolve_model_dir(
           ^^^^^^^^^^^^^^^^^^^
  File "/usr/local/lib/python3.11/dist-packages/paddlex/inference/models/__init__.py", line 100, in _resolve_model_dir
    official_models.get_model_path(
  File "/usr/local/lib/python3.11/dist-packages/paddlex/inference/utils/official_models.py", line 985, in get_model_path
    return self._get_model_local_path(download_model_names)
           ^^^^^^^^^^^^^^^^^^^^^^^^^^^^^^^^^^^^^^^^^^^^^^^^
  File "/usr/local/lib/python3.11/dist-packages/paddlex/inference/utils/official_models.py", line 967, in _get_model_local_path
    raise Exception(msg)
Exception: No available model hosting platforms detected. Please check your network connection.
